
> xoxo@0.0.0 build
> tsc -b && vite build

src/owner/pages/Orders.tsx(16,63): error TS2345: Argument of type '{ supplierName: string; service: string; duration: string; category: string; price: number; quantity: number; status: "PENDING"; }' is not assignable to parameter of type 'Omit<SupplierOrder, "id"> | (() => Omit<SupplierOrder, "id">)'.
  Property 'serviceCategory' is missing in type '{ supplierName: string; service: string; duration: string; category: string; price: number; quantity: number; status: "PENDING"; }' but required in type 'Omit<SupplierOrder, "id">'.
src/owner/pages/Orders.tsx(50,15): error TS2345: Argument of type '{ supplierName: string; service: string; duration: string; category: string; price: number; quantity: number; status: "PENDING"; }' is not assignable to parameter of type 'SetStateAction<Omit<SupplierOrder, "id">>'.
  Property 'serviceCategory' is missing in type '{ supplierName: string; service: string; duration: string; category: string; price: number; quantity: number; status: "PENDING"; }' but required in type 'Omit<SupplierOrder, "id">'.
